cmsis_os.c:146:31:makeFreeRtosPriority	24	static
cmsis_os.c:159:19:makeCmsisPriority	24	static
cmsis_os.c:173:12:inHandlerMode	16	static,ignoring_inline_asm
cmsis_os.c:193:10:osKernelStart	8	static
cmsis_os.c:208:9:osKernelRunning	8	static
cmsis_os.c:227:10:osKernelSysTick	8	static
cmsis_os.c:245:12:osThreadCreate	56	static
cmsis_os.c:283:12:osThreadGetId	8	static
cmsis_os.c:298:10:osThreadTerminate	16	static
cmsis_os.c:313:10:osThreadYield	4	static,ignoring_inline_asm
cmsis_os.c:327:10:osThreadSetPriority	16	static
cmsis_os.c:343:12:osThreadGetPriority	16	static
cmsis_os.c:365:10:osDelay	24	static
cmsis_os.c:400:11:osTimerCreate	24	static
cmsis_os.c:447:10:osTimerStart	24	static
cmsis_os.c:486:10:osTimerStop	24	static
cmsis_os.c:515:10:osTimerDelete	24	static
cmsis_os.c:545:9:osSignalSet	32	static,ignoring_inline_asm
cmsis_os.c:586:9:osSignalWait	48	static
cmsis_os.c:640:11:osMutexCreate	16	static
cmsis_os.c:669:10:osMutexWait	24	static,ignoring_inline_asm
cmsis_os.c:709:10:osMutexRelease	24	static,ignoring_inline_asm
cmsis_os.c:733:10:osMutexDelete	16	static
cmsis_os.c:755:15:osSemaphoreCreate	32	static
cmsis_os.c:822:9:osSemaphoreWait	24	static,ignoring_inline_asm
cmsis_os.c:862:10:osSemaphoreRelease	24	static,ignoring_inline_asm
cmsis_os.c:889:10:osSemaphoreDelete	16	static
cmsis_os.c:926:10:osPoolCreate	32	static
cmsis_os.c:979:7:osPoolAlloc	48	static,ignoring_inline_asm
cmsis_os.c:1023:7:osPoolCAlloc	24	static
cmsis_os.c:1042:10:osPoolFree	24	static
cmsis_os.c:1086:14:osMessageCreate	32	static
cmsis_os.c:1113:10:osMessagePut	32	static,ignoring_inline_asm
cmsis_os.c:1138:10:osMessageOverwrite	24	static,ignoring_inline_asm
cmsis_os.c:1163:9:osMessageGet	56	static,ignoring_inline_asm
cmsis_os.c:1232:11:osMailCreate	40	static
cmsis_os.c:1278:7:osMailAlloc	24	static
cmsis_os.c:1300:7:osMailCAlloc	24	static
cmsis_os.c:1321:10:osMailPut	24	static,ignoring_inline_asm
cmsis_os.c:1354:9:osMailGet	56	static,ignoring_inline_asm
cmsis_os.c:1410:10:osMailFree	16	static
cmsis_os.c:1426:6:osSystickHandler	8	static
cmsis_os.c:1496:10:osThreadSuspend	16	static
cmsis_os.c:1512:10:osThreadResume	16	static,ignoring_inline_asm
cmsis_os.c:1536:10:osThreadSuspendAll	8	static
cmsis_os.c:1547:10:osThreadResumeAll	8	static
cmsis_os.c:1564:10:osDelayUntil	16	static
cmsis_os.c:1584:10:osAbortDelay	16	static
cmsis_os.c:1605:10:osThreadList	16	static
cmsis_os.c:1619:9:osMessagePeek	48	static
cmsis_os.c:1660:10:osMessageWaiting	16	static
cmsis_os.c:1676:10:osMessageAvailableSpace	16	static
cmsis_os.c:1686:10:osMessageDelete	16	static
cmsis_os.c:1702:11:osRecursiveMutexCreate	16	static
cmsis_os.c:1728:10:osRecursiveMutexRelease	16	static
cmsis_os.c:1749:10:osRecursiveMutexWait	16	static
cmsis_os.c:1788:10:osSemaphoreGetCount	16	static
