cmsis_os.c:146:31:makeFreeRtosPriority	24	static
cmsis_os.c:159:19:makeCmsisPriority	24	static
cmsis_os.c:173:12:inHandlerMode	16	static,ignoring_inline_asm
cmsis_os.c:193:10:osKernelStart	8	static
cmsis_os.c:208:9:osKernelRunning	8	static
cmsis_os.c:227:10:osKernelSysTick	8	static
cmsis_os.c:245:12:osThreadCreate	56	static
cmsis_os.c:283:12:osThreadGetId	8	static
cmsis_os.c:298:10:osThreadTerminate	16	static
cmsis_os.c:313:10:osThreadYield	4	static,ignoring_inline_asm
cmsis_os.c:327:10:osThreadSetPriority	16	static
cmsis_os.c:343:12:osThreadGetPriority	16	static
cmsis_os.c:365:10:osDelay	24	static
cmsis_os.c:400:11:osTimerCreate	24	static
cmsis_os.c:447:10:osTimerStart	24	static
cmsis_os.c:486:10:osTimerStop	24	static
cmsis_os.c:515:10:osTimerDelete	24	static
cmsis_os.c:545:9:osSignalSet	32	static,ignoring_inline_asm
cmsis_os.c:586:9:osSignalWait	48	static
cmsis_os.c:640:11:osMutexCreate	16	static
cmsis_os.c:669:10:osMutexWait	24	static,ignoring_inline_asm
cmsis_os.c:709:10:osMutexRelease	24	static,ignoring_inline_asm
cmsis_os.c:733:10:osMutexDelete	16	static
cmsis_os.c:755:15:osSemaphoreCreate	32	static
cmsis_os.c:822:9:osSemaphoreWait	24	static,ignoring_inline_asm
cmsis_os.c:862:10:osSemaphoreRelease	24	static,ignoring_inline_asm
cmsis_os.c:889:10:osSemaphoreDelete	16	static
cmsis_os.c:926:10:osPoolCreate	32	static
cmsis_os.c:979:7:osPoolAlloc	48	static,ignoring_inline_asm
cmsis_os.c:1023:7:osPoolCAlloc	24	static
cmsis_os.c:1042:10:osPoolFree	24	static
cmsis_os.c:1086:14:osMessageCreate	32	static
cmsis_os.c:1113:10:osMessagePut	32	static,ignoring_inline_asm
cmsis_os.c:1146:10:osMessageOverwrite	24	static,ignoring_inline_asm
cmsis_os.c:1172:9:osMessageGet	56	static,ignoring_inline_asm
cmsis_os.c:1241:11:osMailCreate	40	static
cmsis_os.c:1287:7:osMailAlloc	24	static
cmsis_os.c:1309:7:osMailCAlloc	24	static
cmsis_os.c:1330:10:osMailPut	24	static,ignoring_inline_asm
cmsis_os.c:1363:9:osMailGet	56	static,ignoring_inline_asm
cmsis_os.c:1419:10:osMailFree	16	static
cmsis_os.c:1435:6:osSystickHandler	8	static
cmsis_os.c:1505:10:osThreadSuspend	16	static
cmsis_os.c:1521:10:osThreadResume	16	static,ignoring_inline_asm
cmsis_os.c:1545:10:osThreadSuspendAll	8	static
cmsis_os.c:1556:10:osThreadResumeAll	8	static
cmsis_os.c:1573:10:osDelayUntil	16	static
cmsis_os.c:1593:10:osAbortDelay	16	static
cmsis_os.c:1614:10:osThreadList	16	static
cmsis_os.c:1628:9:osMessagePeek	48	static
cmsis_os.c:1669:10:osMessageWaiting	16	static
cmsis_os.c:1685:10:osMessageAvailableSpace	16	static
cmsis_os.c:1695:10:osMessageDelete	16	static
cmsis_os.c:1711:11:osRecursiveMutexCreate	16	static
cmsis_os.c:1737:10:osRecursiveMutexRelease	16	static
cmsis_os.c:1758:10:osRecursiveMutexWait	16	static
cmsis_os.c:1797:10:osSemaphoreGetCount	16	static
