main.c:107:5:main	256	static
main.c:247:6:SystemClock_Config	88	static
main.c:286:13:MX_ADC1_Init	24	static
main.c:336:13:MX_I2C1_Init	8	static
main.c:370:13:MX_SPI3_Init	8	static
main.c:408:13:MX_USART2_UART_Init	8	static
main.c:441:13:MX_USART6_UART_Init	8	static
main.c:472:13:MX_DMA_Init	16	static
main.c:494:13:MX_GPIO_Init	48	static
main.c:546:6:HAL_UART_RxCpltCallback	16	static
main.c:549:6:LEDinit1	24	static
main.c:576:6:LEDtask1	32	static
main.c:618:6:StartDefaultTask	16	static
main.c:636:6:LCDtask1	152	static
main.c:694:6:PM2_5_1	24	static
main.c:730:6:RTC_1	40	static
main.c:754:6:HAL_TIM_PeriodElapsedCallback	16	static
main.c:771:6:Error_Handler	4	static
