main.c:102:5:main	200	static
main.c:237:6:SystemClock_Config	88	static
main.c:276:13:MX_ADC1_Init	24	static
main.c:326:13:MX_I2C1_Init	8	static
main.c:360:13:MX_SPI3_Init	8	static
main.c:398:13:MX_USART2_UART_Init	8	static
main.c:431:13:MX_USART6_UART_Init	8	static
main.c:462:13:MX_DMA_Init	16	static
main.c:484:13:MX_GPIO_Init	48	static
main.c:536:6:HAL_UART_RxCpltCallback	16	static
main.c:548:6:StartDefaultTask	16	static
main.c:566:6:LCDtask1	152	static
main.c:624:6:PM2_5_1	24	static
main.c:660:6:RTC_1	40	static
main.c:694:6:HAL_TIM_PeriodElapsedCallback	16	static
main.c:711:6:Error_Handler	4	static
